IQ-TREE version 3.1.1 for MacOS ARM 64-bit built Apr  8 2026
Developed by Bui Quang Minh, Thomas Wong, Nhan Ly-Trong, Huaiyan Ren
Contributed by Lam-Tung Nguyen, Dominik Schrempf, Chris Bielow,
Olga Chernomor, Michael Woodhams, Diep Thi Hoang, Heiko Schmidt

Host:    Aidans-MacBook-Air-5.local (SSE4.2, 8 GB RAM)
Command: iqtree -s /Users/aidanguyse/Documents/GitHub/myProject/myProject/data/alignment/mafft_aligned.fasta -o ERR4796950 -m GTR+G -B 1000 -T 4 --prefix /Users/aidanguyse/Documents/GitHub/myProject/myProject/data/ml_tree/mtb_ml
Seed:    517586 (Using SPRNG - Scalable Parallel Random Number Generator)
Time:    Tue Apr 28 00:34:45 2026
Kernel:  SSE2 - 4 threads (8 CPU cores detected)

Reading alignment file /Users/aidanguyse/Documents/GitHub/myProject/myProject/data/alignment/mafft_aligned.fasta ... Fasta format detected
Reading fasta file: done in 0.584691 secs using 87.89% CPU
Alignment most likely contains DNA/RNA sequences
Constructing alignment: done in 2.67987 secs using 47.67% CPU
WARNING: 10154 sites contain only gaps or ambiguous characters.
Alignment has 8 sequences with 4452542 columns, 1287 distinct patterns
2355 parsimony-informative, 1503 singleton sites, 4448684 constant sites
            Gap/Ambiguity  Composition  p-value
Analyzing sequences: done in 4.69685e-05 secs using 106.5% CPU
   1  ERR4796930    1.73%    passed     98.89%
   2  ERR4796931    1.88%    passed     91.60%
   3  ERR4796932    1.65%    passed     77.29%
   4  ERR4796935    1.28%    passed     99.08%
   5  ERR4796940    1.76%    passed     99.60%
   6  ERR4796945    1.67%    passed     91.17%
   7  ERR4796950    1.65%    passed     97.37%
   8  ERR4796960    1.01%    passed     96.11%
****  TOTAL         1.58%  0 sequences failed composition chi2 test (p-value<5%; df=3)
NOTE: minimal branch length is reduced to 0.000000022459 for long alignment
Checking for duplicate sequences: done in 5.6982e-05 secs using 85.99% CPU

Create initial parsimony tree by phylogenetic likelihood library (PLL)... 0.001 seconds
Generating 1000 samples for ultrafast bootstrap (seed: 517586)...

NOTE: 6 MB RAM (0 GB) is required!
Estimate model parameters (epsilon = 0.100)
1. Initial log-likelihood: -5981225.176
2. Current log-likelihood: -5980538.446
3. Current log-likelihood: -5980351.267
4. Current log-likelihood: -5980284.257
5. Current log-likelihood: -5980202.920
6. Current log-likelihood: -5980195.177
7. Current log-likelihood: -5980191.637
8. Current log-likelihood: -5980186.535
9. Current log-likelihood: -5980175.694
10. Current log-likelihood: -5980167.028
11. Current log-likelihood: -5980166.592
12. Current log-likelihood: -5980166.260
13. Current log-likelihood: -5980165.916
14. Current log-likelihood: -5980165.686
15. Current log-likelihood: -5980165.209
16. Current log-likelihood: -5980164.936
17. Current log-likelihood: -5980164.672
18. Current log-likelihood: -5980164.462
19. Current log-likelihood: -5980164.261
20. Current log-likelihood: -5980164.095
21. Current log-likelihood: -5980163.938
22. Current log-likelihood: -5980163.806
23. Current log-likelihood: -5980163.683
24. Current log-likelihood: -5980163.578
Optimal log-likelihood: -5980163.481
Rate parameters:  A-C: 1.12258  A-G: 3.00278  A-T: 0.46402  C-G: 0.82187  C-T: 2.64922  G-T: 1.00000
Base frequencies:  A: 0.172  C: 0.329  G: 0.327  T: 0.172
Gamma shape alpha: 0.020
Parameters optimization took 24 rounds (0.148 sec)
Wrote distance file to... 
Computing ML distances based on estimated model parameters...
Calculating distance matrix: done in 0.000456095 secs using 276.9% CPU
Computing ML distances took 0.000587 sec (of wall-clock time) 0.001368 sec (of CPU time)
Setting up auxiliary I and S matrices: done in 8.79765e-05 secs using 52.29% CPU
Constructing RapidNJ tree: done in 0.000277996 secs using 46.4% CPU
Computing RapidNJ tree took 0.000419 sec (of wall-clock time) 0.000194 sec (of CPU time)
Log-likelihood of RapidNJ tree: -5980163.481
--------------------------------------------------------------------
|             INITIALIZING CANDIDATE TREE SET                      |
--------------------------------------------------------------------
Generating 99 parsimony trees... 0.097 second
Computing log-likelihood of 47 initial trees ... 0.068 seconds
Current best score: -5980163.481

Do NNI search on 20 best initial trees
Estimate model parameters (epsilon = 0.100)
BETTER TREE FOUND at iteration 1: -5980163.397
Iteration 10 / LogL: -5980163.442 / Time: 0h:0m:0s
Iteration 20 / LogL: -5980163.401 / Time: 0h:0m:0s
Finish initializing candidate tree set (1)
Current best tree score: -5980163.397 / CPU time: 0.546
Number of iterations: 20
--------------------------------------------------------------------
|               OPTIMIZING CANDIDATE TREE SET                      |
--------------------------------------------------------------------
Iteration 30 / LogL: -5980163.398 / Time: 0h:0m:1s (0h:0m:2s left)
Iteration 40 / LogL: -5980167.087 / Time: 0h:0m:1s (0h:0m:1s left)
Iteration 50 / LogL: -5980163.402 / Time: 0h:0m:1s (0h:0m:1s left)
Log-likelihood cutoff on original alignment: -5980298.534
UPDATE BEST LOG-LIKELIHOOD: -5980163.397
Iteration 60 / LogL: -5980166.972 / Time: 0h:0m:1s (0h:0m:1s left)
Iteration 70 / LogL: -5980163.397 / Time: 0h:0m:1s (0h:0m:0s left)
Iteration 80 / LogL: -5980163.434 / Time: 0h:0m:1s (0h:0m:0s left)
Iteration 90 / LogL: -5980163.517 / Time: 0h:0m:2s (0h:0m:0s left)
Iteration 100 / LogL: -5980163.397 / Time: 0h:0m:2s (0h:0m:0s left)
Log-likelihood cutoff on original alignment: -5980298.534
NOTE: Bootstrap correlation coefficient of split occurrence frequencies: 1.000
TREE SEARCH COMPLETED AFTER 102 ITERATIONS / Time: 0h:0m:2s

--------------------------------------------------------------------
|                    FINALIZING TREE SEARCH                        |
--------------------------------------------------------------------
Performs final model parameters optimization
Estimate model parameters (epsilon = 0.010)
1. Initial log-likelihood: -5980163.397
2. Current log-likelihood: -5980163.320
3. Current log-likelihood: -5980163.253
4. Current log-likelihood: -5980163.192
5. Current log-likelihood: -5980163.139
6. Current log-likelihood: -5980163.090
7. Current log-likelihood: -5980163.047
8. Current log-likelihood: -5980163.008
9. Current log-likelihood: -5980162.974
10. Current log-likelihood: -5980162.943
11. Current log-likelihood: -5980162.915
12. Current log-likelihood: -5980162.890
13. Current log-likelihood: -5980162.868
14. Current log-likelihood: -5980162.848
15. Current log-likelihood: -5980162.831
16. Current log-likelihood: -5980162.815
17. Current log-likelihood: -5980162.801
18. Current log-likelihood: -5980162.788
19. Current log-likelihood: -5980162.776
20. Current log-likelihood: -5980162.766
Optimal log-likelihood: -5980162.757
Rate parameters:  A-C: 1.07846  A-G: 2.87010  A-T: 0.44618  C-G: 0.78306  C-T: 2.53466  G-T: 1.00000
Base frequencies:  A: 0.172  C: 0.329  G: 0.327  T: 0.172
Gamma shape alpha: 0.020
Parameters optimization took 20 rounds (0.127 sec)
BEST SCORE FOUND : -5980162.757
Creating bootstrap support values...
Split supports printed to NEXUS file /Users/aidanguyse/Documents/GitHub/myProject/myProject/data/ml_tree/mtb_ml.splits.nex
Total tree length: 0.001

Total number of iterations: 102
CPU time used for tree search: 3.021 sec (0h:0m:3s)
Wall-clock time used for tree search: 2.009 sec (0h:0m:2s)
Total CPU time used: 3.791 sec (0h:0m:3s)
Total wall-clock time used: 2.447 sec (0h:0m:2s)

Computing bootstrap consensus tree...
Reading input file /Users/aidanguyse/Documents/GitHub/myProject/myProject/data/ml_tree/mtb_ml.splits.nex...
8 taxa and 14 splits.
Consensus tree written to /Users/aidanguyse/Documents/GitHub/myProject/myProject/data/ml_tree/mtb_ml.contree
Reading input trees file /Users/aidanguyse/Documents/GitHub/myProject/myProject/data/ml_tree/mtb_ml.contree
Log-likelihood of consensus tree: -5980162.757

Analysis results written to: 
  IQ-TREE report:                /Users/aidanguyse/Documents/GitHub/myProject/myProject/data/ml_tree/mtb_ml.iqtree
  Maximum-likelihood tree:       /Users/aidanguyse/Documents/GitHub/myProject/myProject/data/ml_tree/mtb_ml.treefile
  Likelihood distances:          /Users/aidanguyse/Documents/GitHub/myProject/myProject/data/ml_tree/mtb_ml.mldist

Ultrafast bootstrap approximation results written to:
  Split support values:          /Users/aidanguyse/Documents/GitHub/myProject/myProject/data/ml_tree/mtb_ml.splits.nex
  Consensus tree:                /Users/aidanguyse/Documents/GitHub/myProject/myProject/data/ml_tree/mtb_ml.contree
  Screen log file:               /Users/aidanguyse/Documents/GitHub/myProject/myProject/data/ml_tree/mtb_ml.log

Date and Time: Tue Apr 28 00:34:52 2026
